// Jest Snapshot v1, https://goo.gl/fbAQLP

exports[`AppController (e2e) Create Product should return created product 1`] = `
Array [
  Object {
    "name": "bob",
    "price": null,
  },
  Object {
    "name": "bob",
    "price": null,
  },
  Object {
    "name": "bob",
    "price": null,
  },
  Object {
    "name": "bob",
    "price": null,
  },
  Object {
    "name": "bob",
    "price": null,
  },
  Object {
    "name": "bob",
    "price": null,
  },
  Object {
    "name": "bob",
    "price": null,
  },
  Object {
    "name": "bob",
    "price": null,
  },
  Object {
    "name": "bob",
    "price": null,
  },
  Object {
    "name": "bob",
    "price": null,
  },
  Object {
    "name": "bob",
    "price": null,
  },
  Object {
    "name": "bob",
    "price": null,
  },
  Object {
    "name": "bob",
    "price": null,
  },
  Object {
    "name": "bob",
    "price": null,
  },
]
`;
